cannot_be: b r s t x 
must_be
[0] 
[1] i 
[2] t 
[3] 
[4] h 
