cannot_be: c h i m p r s t x 
must_be
[0] 
[1] 
[2] 
[3] i t h 
[4] i t 
