cannot_be: a b e i k p y 
must_be
[0] 
[1] 
[2] r 
[3] 
[4] 
