cannot_be: 
must_be
[0] 
[1] t 
[2] i t 
[3] 
[4] 
